#-----------------------------------------------------------
# Vivado v2019.1 (64-bit)
# SW Build 2552052 on Fri May 24 14:49:42 MDT 2019
# IP Build 2548770 on Fri May 24 18:01:18 MDT 2019
# Start of session at: Sun Jun  4 18:02:02 2023
# Process ID: 8784
# Current directory: D:/MCI/MicroController/SPI/write_complete/write/collection/collection
# Command line: vivado.exe -gui_launcher_event rodinguilauncherevent8452 D:\MCI\MicroController\SPI\write_complete\write\collection\collection\collection.xpr
# Log file: D:/MCI/MicroController/SPI/write_complete/write/collection/collection/vivado.log
# Journal file: D:/MCI/MicroController/SPI/write_complete/write/collection/collection\vivado.jou
#-----------------------------------------------------------
start_gui
open_project D:/MCI/MicroController/SPI/write_complete/write/collection/collection/collection.xpr
update_compile_order -fileset sources_1
reset_run synth_1
launch_runs impl_1 -to_step write_bitstream
wait_on_run impl_1
open_hw
connect_hw_server
open_hw_target
set_property PROGRAM.FILE {D:/MCI/MicroController/SPI/write_complete/write/collection/collection/collection.runs/impl_1/top.bit} [get_hw_devices xc7a35t_0]
set_property PROBES.FILE {D:/MCI/MicroController/SPI/write_complete/write/collection/collection/collection.runs/impl_1/top.ltx} [get_hw_devices xc7a35t_0]
set_property FULL_PROBES.FILE {D:/MCI/MicroController/SPI/write_complete/write/collection/collection/collection.runs/impl_1/top.ltx} [get_hw_devices xc7a35t_0]
current_hw_device [get_hw_devices xc7a35t_0]
refresh_hw_device [lindex [get_hw_devices xc7a35t_0] 0]
set_property PROBES.FILE {D:/MCI/MicroController/SPI/write_complete/write/collection/collection/collection.runs/impl_1/top.ltx} [get_hw_devices xc7a35t_0]
set_property FULL_PROBES.FILE {D:/MCI/MicroController/SPI/write_complete/write/collection/collection/collection.runs/impl_1/top.ltx} [get_hw_devices xc7a35t_0]
set_property PROGRAM.FILE {D:/MCI/MicroController/SPI/write_complete/write/collection/collection/collection.runs/impl_1/top.bit} [get_hw_devices xc7a35t_0]
program_hw_devices [get_hw_devices xc7a35t_0]
refresh_hw_device [lindex [get_hw_devices xc7a35t_0] 0]
display_hw_ila_data [ get_hw_ila_data hw_ila_data_1 -of_objects [get_hw_ilas -of_objects [get_hw_devices xc7a35t_0] -filter {CELL_NAME=~"collection_inst/ila_0_inst"}]]
run_hw_ila [get_hw_ilas -of_objects [get_hw_devices xc7a35t_0] -filter {CELL_NAME=~"collection_inst/ila_0_inst"}] -trigger_now
wait_on_hw_ila [get_hw_ilas -of_objects [get_hw_devices xc7a35t_0] -filter {CELL_NAME=~"collection_inst/ila_0_inst"}]
display_hw_ila_data [upload_hw_ila_data [get_hw_ilas -of_objects [get_hw_devices xc7a35t_0] -filter {CELL_NAME=~"collection_inst/ila_0_inst"}]]
set_property OUTPUT_VALUE 1 [get_hw_probes start -of_objects [get_hw_vios -of_objects [get_hw_devices xc7a35t_0] -filter {CELL_NAME=~"vio_0_inst"}]]
commit_hw_vio [get_hw_probes {start} -of_objects [get_hw_vios -of_objects [get_hw_devices xc7a35t_0] -filter {CELL_NAME=~"vio_0_inst"}]]
set_property OUTPUT_VALUE 0 [get_hw_probes start -of_objects [get_hw_vios -of_objects [get_hw_devices xc7a35t_0] -filter {CELL_NAME=~"vio_0_inst"}]]
commit_hw_vio [get_hw_probes {start} -of_objects [get_hw_vios -of_objects [get_hw_devices xc7a35t_0] -filter {CELL_NAME=~"vio_0_inst"}]]
run_hw_ila [get_hw_ilas -of_objects [get_hw_devices xc7a35t_0] -filter {CELL_NAME=~"collection_inst/ila_0_inst"}] -trigger_now
wait_on_hw_ila [get_hw_ilas -of_objects [get_hw_devices xc7a35t_0] -filter {CELL_NAME=~"collection_inst/ila_0_inst"}]
display_hw_ila_data [upload_hw_ila_data [get_hw_ilas -of_objects [get_hw_devices xc7a35t_0] -filter {CELL_NAME=~"collection_inst/ila_0_inst"}]]
set_property OUTPUT_VALUE 000000 [get_hw_probes address_wp -of_objects [get_hw_vios -of_objects [get_hw_devices xc7a35t_0] -filter {CELL_NAME=~"vio_0_inst"}]]
commit_hw_vio [get_hw_probes {address_wp} -of_objects [get_hw_vios -of_objects [get_hw_devices xc7a35t_0] -filter {CELL_NAME=~"vio_0_inst"}]]
set_property OUTPUT_VALUE 00001000 [get_hw_probes numByte_write -of_objects [get_hw_vios -of_objects [get_hw_devices xc7a35t_0] -filter {CELL_NAME=~"vio_0_inst"}]]
commit_hw_vio [get_hw_probes {numByte_write} -of_objects [get_hw_vios -of_objects [get_hw_devices xc7a35t_0] -filter {CELL_NAME=~"vio_0_inst"}]]
set_property TRIGGER_COMPARE_VALUE eq24'hXX_1000 [get_hw_probes collection_inst/address -of_objects [get_hw_ilas -of_objects [get_hw_devices xc7a35t_0] -filter {CELL_NAME=~"collection_inst/ila_0_inst"}]]
set_property TRIGGER_COMPARE_VALUE eq24'hXX_0F00 [get_hw_probes collection_inst/address -of_objects [get_hw_ilas -of_objects [get_hw_devices xc7a35t_0] -filter {CELL_NAME=~"collection_inst/ila_0_inst"}]]
run_hw_ila [get_hw_ilas -of_objects [get_hw_devices xc7a35t_0] -filter {CELL_NAME=~"collection_inst/ila_0_inst"}]
startgroup
set_property OUTPUT_VALUE 0 [get_hw_probes write -of_objects [get_hw_vios -of_objects [get_hw_devices xc7a35t_0] -filter {CELL_NAME=~"vio_0_inst"}]]
commit_hw_vio [get_hw_probes {write} -of_objects [get_hw_vios -of_objects [get_hw_devices xc7a35t_0] -filter {CELL_NAME=~"vio_0_inst"}]]
endgroup
startgroup
set_property OUTPUT_VALUE 1 [get_hw_probes write -of_objects [get_hw_vios -of_objects [get_hw_devices xc7a35t_0] -filter {CELL_NAME=~"vio_0_inst"}]]
commit_hw_vio [get_hw_probes {write} -of_objects [get_hw_vios -of_objects [get_hw_devices xc7a35t_0] -filter {CELL_NAME=~"vio_0_inst"}]]
endgroup
wait_on_hw_ila [get_hw_ilas -of_objects [get_hw_devices xc7a35t_0] -filter {CELL_NAME=~"collection_inst/ila_0_inst"}]
display_hw_ila_data [upload_hw_ila_data [get_hw_ilas -of_objects [get_hw_devices xc7a35t_0] -filter {CELL_NAME=~"collection_inst/ila_0_inst"}]]
run_hw_ila [get_hw_ilas -of_objects [get_hw_devices xc7a35t_0] -filter {CELL_NAME=~"collection_inst/ila_0_inst"}] -trigger_now
wait_on_hw_ila [get_hw_ilas -of_objects [get_hw_devices xc7a35t_0] -filter {CELL_NAME=~"collection_inst/ila_0_inst"}]
display_hw_ila_data [upload_hw_ila_data [get_hw_ilas -of_objects [get_hw_devices xc7a35t_0] -filter {CELL_NAME=~"collection_inst/ila_0_inst"}]]
